MPLINK 5.08, LINKER
Linker Map File - Created Sat Aug 11 03:42:13 2018

                                 Section Info
                  Section       Type    Address   Location Size(Bytes)
                ---------  ---------  ---------  ---------  ---------
                 RES_VECT       code   0x000000    program   0x000004
                    ISRHV       code   0x000008    program   0x000004
                   .cinit    romdata   0x00000c    program   0x000002
                     ISRH       code   0x00000e    program   0x000006
                MAIN_PROG       code   0x000020    program   0x0009e2
                    .code       code   0x002000    program   0x0000b6
.config_300000_BUILD/DEFAULT/PRODUCTION/BATTLES    romdata   0x300000    program   0x000001
.config_300001_BUILD/DEFAULT/PRODUCTION/BATTLES    romdata   0x300001    program   0x000001
.config_300002_BUILD/DEFAULT/PRODUCTION/BATTLES    romdata   0x300002    program   0x000001
.config_300003_BUILD/DEFAULT/PRODUCTION/BATTLES    romdata   0x300003    program   0x000001
.config_300004_BUILD/DEFAULT/PRODUCTION/BATTLES    romdata   0x300004    program   0x000001
.config_300005_BUILD/DEFAULT/PRODUCTION/BATTLES    romdata   0x300005    program   0x000001
.config_300006_BUILD/DEFAULT/PRODUCTION/BATTLES    romdata   0x300006    program   0x000001
.config_300007_BUILD/DEFAULT/PRODUCTION/BATTLES    romdata   0x300007    program   0x000001
.config_300008_BUILD/DEFAULT/PRODUCTION/BATTLES    romdata   0x300008    program   0x000001
.config_30000A_BUILD/DEFAULT/PRODUCTION/BATTLES    romdata   0x30000a    program   0x000001
.config_30000B_BUILD/DEFAULT/PRODUCTION/BATTLES    romdata   0x30000b    program   0x000001
                    bank1      udata   0x000060       data   0x00008b
                    bank2      udata   0x000100       data   0x0000c9



                              Program Memory Usage 
                               Start         End      
                           ---------   ---------      
                            0x000000    0x000003      
                            0x000008    0x000013      
                            0x000020    0x000a01      
                            0x002000    0x0020b5      
                            0x300000    0x300008      
                            0x30000a    0x30000b      
            2739 out of 16670 program addresses used, program memory utilization is 16%



                              Symbols - Sorted by Name
                     Name    Address   Location    Storage File                     
                ---------  ---------  ---------  --------- ---------                
                 HIGH_ISR   0x00000e    program     static /home/scott/MPLABXProjects/battleship.X/battleship.asm
                      ISR   0x000330    program     static /home/scott/MPLABXProjects/battleship.X/battleship.asm
                    START   0x0000a2    program     static /home/scott/MPLABXProjects/battleship.X/battleship.asm
                backporch   0x0001fe    program     static /home/scott/MPLABXProjects/battleship.X/battleship.asm
            backporchvert   0x000220    program     static /home/scott/MPLABXProjects/battleship.X/battleship.asm
                 blanking   0x000358    program     static /home/scott/MPLABXProjects/battleship.X/battleship.asm
                blanking1   0x0004f2    program     static /home/scott/MPLABXProjects/battleship.X/battleship.asm
                branchisr   0x00003a    program     static /home/scott/MPLABXProjects/battleship.X/battleship.asm
                    clear   0x000638    program     static /home/scott/MPLABXProjects/battleship.X/battleship.asm
                clearcomp   0x000922    program     static /home/scott/MPLABXProjects/battleship.X/battleship.asm
              clearcursor   0x00067e    program     static /home/scott/MPLABXProjects/battleship.X/battleship.asm
             clearoffsets   0x0009bc    program     static /home/scott/MPLABXProjects/battleship.X/battleship.asm
              clearparity   0x00032a    program     static /home/scott/MPLABXProjects/battleship.X/battleship.asm
              clearplayer   0x00090c    program     static /home/scott/MPLABXProjects/battleship.X/battleship.asm
              clrcomploop   0x00092c    program     static /home/scott/MPLABXProjects/battleship.X/battleship.asm
            clroffsetloop   0x0009c6    program     static /home/scott/MPLABXProjects/battleship.X/battleship.asm
              clrplyrloop   0x000916    program     static /home/scott/MPLABXProjects/battleship.X/battleship.asm
             comploopcnt1   0x00070a    program     static /home/scott/MPLABXProjects/battleship.X/battleship.asm
             comploopcnt2   0x000730    program     static /home/scott/MPLABXProjects/battleship.X/battleship.asm
                   complr   0x000742    program     static /home/scott/MPLABXProjects/battleship.X/battleship.asm
              complrloop1   0x000780    program     static /home/scott/MPLABXProjects/battleship.X/battleship.asm
              complrloop2   0x000798    program     static /home/scott/MPLABXProjects/battleship.X/battleship.asm
                    delay   0x00022a    program     static /home/scott/MPLABXProjects/battleship.X/battleship.asm
                   delay1   0x000262    program     static /home/scott/MPLABXProjects/battleship.X/battleship.asm
               delaystart   0x00022e    program     static /home/scott/MPLABXProjects/battleship.X/battleship.asm
                drawimage   0x000348    program     static /home/scott/MPLABXProjects/battleship.X/battleship.asm
              drawmessage   0x0004e8    program     static /home/scott/MPLABXProjects/battleship.X/battleship.asm
              endcomploop   0x0007a2    program     static /home/scott/MPLABXProjects/battleship.X/battleship.asm
                  endline   0x0005b8    program     static /home/scott/MPLABXProjects/battleship.X/battleship.asm
              endlinecont   0x0005ce    program     static /home/scott/MPLABXProjects/battleship.X/battleship.asm
             endlinecont1   0x0005d8    program     static /home/scott/MPLABXProjects/battleship.X/battleship.asm
              endplyrloop   0x0008be    program     static /home/scott/MPLABXProjects/battleship.X/battleship.asm
            finishsetdata   0x0002a0    program     static /home/scott/MPLABXProjects/battleship.X/battleship.asm
        framecountnotzero   0x000434    program     static /home/scott/MPLABXProjects/battleship.X/battleship.asm
              gameprocess   0x000390    program     static /home/scott/MPLABXProjects/battleship.X/battleship.asm
                      gap   0x0004de    program     static /home/scott/MPLABXProjects/battleship.X/battleship.asm
                 getcount   0x000020    program     static /home/scott/MPLABXProjects/battleship.X/battleship.asm
                 getimage   0x00004c    program     static /home/scott/MPLABXProjects/battleship.X/battleship.asm
              getshipsize   0x000948    program     static /home/scott/MPLABXProjects/battleship.X/battleship.asm
                  gssnot2   0x000988    program     static /home/scott/MPLABXProjects/battleship.X/battleship.asm
                  gssnot3   0x000978    program     static /home/scott/MPLABXProjects/battleship.X/battleship.asm
                  gssnot4   0x000968    program     static /home/scott/MPLABXProjects/battleship.X/battleship.asm
                  gssnot5   0x000958    program     static /home/scott/MPLABXProjects/battleship.X/battleship.asm
               horizequal   0x0005b0    program     static /home/scott/MPLABXProjects/battleship.X/battleship.asm
                horizline   0x0001e6    program     static /home/scott/MPLABXProjects/battleship.X/battleship.asm
                 incfsr1h   0x0009b4    program     static /home/scott/MPLABXProjects/battleship.X/battleship.asm
                  incfsrh   0x000938    program     static /home/scott/MPLABXProjects/battleship.X/battleship.asm
              incfsrhcont   0x0009ba    program     static /home/scott/MPLABXProjects/battleship.X/battleship.asm
                     init   0x0000e6    program     static /home/scott/MPLABXProjects/battleship.X/battleship.asm
                 initcomp   0x0006a4    program     static /home/scott/MPLABXProjects/battleship.X/battleship.asm
             initcomploop   0x0006aa    program     static /home/scott/MPLABXProjects/battleship.X/battleship.asm
               initplayer   0x0007aa    program     static /home/scott/MPLABXProjects/battleship.X/battleship.asm
           initplayerloop   0x0007b0    program     static /home/scott/MPLABXProjects/battleship.X/battleship.asm
          linemodnoteight   0x00062e    program     static /home/scott/MPLABXProjects/battleship.X/battleship.asm
                  loadpwm   0x0020a6    program     static /home/scott/MPLABXProjects/battleship.X/battleship.asm
              messageloop   0x000504    program     static /home/scott/MPLABXProjects/battleship.X/battleship.asm
                  moddone   0x0008ea    program     static /home/scott/MPLABXProjects/battleship.X/battleship.asm
                 modstart   0x0008e0    program     static /home/scott/MPLABXProjects/battleship.X/battleship.asm
          mousehandledone   0x0004dc    program     static /home/scott/MPLABXProjects/battleship.X/battleship.asm
                mouseloop   0x0001c8    program     static /home/scott/MPLABXProjects/battleship.X/battleship.asm
                 moverand   0x0008dc    program     static /home/scott/MPLABXProjects/battleship.X/battleship.asm
                 nobutton   0x0003fc    program     static /home/scott/MPLABXProjects/battleship.X/battleship.asm
            noclrmlinemod   0x00053c    program     static /home/scott/MPLABXProjects/battleship.X/battleship.asm
                   nodecx   0x00047e    program     static /home/scott/MPLABXProjects/battleship.X/battleship.asm
                   nodecy   0x0004c0    program     static /home/scott/MPLABXProjects/battleship.X/battleship.asm
               noextramod   0x0008f2    program     static /home/scott/MPLABXProjects/battleship.X/battleship.asm
                 noincfrm   0x0005ae    program     static /home/scott/MPLABXProjects/battleship.X/battleship.asm
                   noincx   0x000460    program     static /home/scott/MPLABXProjects/battleship.X/battleship.asm
                   noincy   0x0004a2    program     static /home/scott/MPLABXProjects/battleship.X/battleship.asm
                 nooffset   0x000584    program     static /home/scott/MPLABXProjects/battleship.X/battleship.asm
              noprcsmouse   0x0004c8    program     static /home/scott/MPLABXProjects/battleship.X/battleship.asm
                nosetrand   0x00090a    program     static /home/scott/MPLABXProjects/battleship.X/battleship.asm
                    notry   0x0009f4    program     static /home/scott/MPLABXProjects/battleship.X/battleship.asm
               noudoffset   0x0003e6    program     static /home/scott/MPLABXProjects/battleship.X/battleship.asm
              noudoffset1   0x0003d4    program     static /home/scott/MPLABXProjects/battleship.X/battleship.asm
             noupdateduty   0x0003be    program     static /home/scott/MPLABXProjects/battleship.X/battleship.asm
                      nto   0x00093e    program     static /home/scott/MPLABXProjects/battleship.X/battleship.asm
             plyrloopcnt1   0x000810    program     static /home/scott/MPLABXProjects/battleship.X/battleship.asm
             plyrloopcnt2   0x00083a    program     static /home/scott/MPLABXProjects/battleship.X/battleship.asm
                   plyrlr   0x000854    program     static /home/scott/MPLABXProjects/battleship.X/battleship.asm
              plyrlrloop1   0x000892    program     static /home/scott/MPLABXProjects/battleship.X/battleship.asm
              plyrlrloop2   0x0008ae    program     static /home/scott/MPLABXProjects/battleship.X/battleship.asm
                 randlsb0   0x0008d8    program     static /home/scott/MPLABXProjects/battleship.X/battleship.asm
                   random   0x0008c6    program     static /home/scott/MPLABXProjects/battleship.X/battleship.asm
              rbwaithigh1   0x0002f6    program     static /home/scott/MPLABXProjects/battleship.X/battleship.asm
              rbwaithigh2   0x000312    program     static /home/scott/MPLABXProjects/battleship.X/battleship.asm
              rbwaithigh3   0x00031a    program     static /home/scott/MPLABXProjects/battleship.X/battleship.asm
              rbwaithigh5   0x000324    program     static /home/scott/MPLABXProjects/battleship.X/battleship.asm
               rbwaitlow1   0x0002fa    program     static /home/scott/MPLABXProjects/battleship.X/battleship.asm
               rbwaitlow2   0x000316    program     static /home/scott/MPLABXProjects/battleship.X/battleship.asm
               rbwaitlow3   0x000320    program     static /home/scott/MPLABXProjects/battleship.X/battleship.asm
               rbwaitlow4   0x0002e2    program     static /home/scott/MPLABXProjects/battleship.X/battleship.asm
                 readbyte   0x0002e0    program     static /home/scott/MPLABXProjects/battleship.X/battleship.asm
                 readloop   0x0002f4    program     static /home/scott/MPLABXProjects/battleship.X/battleship.asm
                     seed   0x0008f4    program     static /home/scott/MPLABXProjects/battleship.X/battleship.asm
              sendcommand   0x000250    program     static /home/scott/MPLABXProjects/battleship.X/battleship.asm
                 senddata   0x000296    program     static /home/scott/MPLABXProjects/battleship.X/battleship.asm
                setcursor   0x000652    program     static /home/scott/MPLABXProjects/battleship.X/battleship.asm
                  setdata   0x0002d4    program     static /home/scott/MPLABXProjects/battleship.X/battleship.asm
                  setfsr1   0x000990    program     static /home/scott/MPLABXProjects/battleship.X/battleship.asm
                setmdata1   0x0002da    program     static /home/scott/MPLABXProjects/battleship.X/battleship.asm
                 shipcont   0x0007c2    program     static /home/scott/MPLABXProjects/battleship.X/battleship.asm
                shipcont1   0x0006bc    program     static /home/scott/MPLABXProjects/battleship.X/battleship.asm
                shipcstrt   0x0006ae    program     static /home/scott/MPLABXProjects/battleship.X/battleship.asm
                shippstrt   0x0007b4    program     static /home/scott/MPLABXProjects/battleship.X/battleship.asm
                 spitchar   0x0005da    program     static /home/scott/MPLABXProjects/battleship.X/battleship.asm
                spnotzero   0x000636    program     static /home/scott/MPLABXProjects/battleship.X/battleship.asm
                  syncspi   0x0005f0    program     static /home/scott/MPLABXProjects/battleship.X/battleship.asm
                 syncspim   0x00051c    program     static /home/scott/MPLABXProjects/battleship.X/battleship.asm
              testmessage   0x002000    program     static /home/scott/MPLABXProjects/battleship.X/battleship.asm
               turnoffled   0x00064c    program     static /home/scott/MPLABXProjects/battleship.X/battleship.asm
                turnonled   0x000646    program     static /home/scott/MPLABXProjects/battleship.X/battleship.asm
             udoffsetloop   0x0009e0    program     static /home/scott/MPLABXProjects/battleship.X/battleship.asm
            updateoffsets   0x0009da    program     static /home/scott/MPLABXProjects/battleship.X/battleship.asm
                 vertline   0x000208    program     static /home/scott/MPLABXProjects/battleship.X/battleship.asm
                    vsync   0x00053e    program     static /home/scott/MPLABXProjects/battleship.X/battleship.asm
                  waitadc   0x0008f8    program     static /home/scott/MPLABXProjects/battleship.X/battleship.asm
                waitboth1   0x0002ca    program     static /home/scott/MPLABXProjects/battleship.X/battleship.asm
            waitclocklow4   0x0002c6    program     static /home/scott/MPLABXProjects/battleship.X/battleship.asm
               waithigh10   0x000288    program     static /home/scott/MPLABXProjects/battleship.X/battleship.asm
                waithigh2   0x0002a4    program     static /home/scott/MPLABXProjects/battleship.X/battleship.asm
                waithigh3   0x0002b8    program     static /home/scott/MPLABXProjects/battleship.X/battleship.asm
                 waitlow1   0x000284    program     static /home/scott/MPLABXProjects/battleship.X/battleship.asm
                waitlow10   0x00028c    program     static /home/scott/MPLABXProjects/battleship.X/battleship.asm
                 waitlow2   0x0002aa    program     static /home/scott/MPLABXProjects/battleship.X/battleship.asm
                 waitlow3   0x0002bc    program     static /home/scott/MPLABXProjects/battleship.X/battleship.asm
                 waitlow4   0x0002c2    program     static /home/scott/MPLABXProjects/battleship.X/battleship.asm
                  waitovf   0x000234    program     static /home/scott/MPLABXProjects/battleship.X/battleship.asm
                    xleft   0x000412    program     static /home/scott/MPLABXProjects/battleship.X/battleship.asm
                    ynoup   0x000428    program     static /home/scott/MPLABXProjects/battleship.X/battleship.asm
                amplitude   0x000086       data     static /home/scott/MPLABXProjects/battleship.X/battleship.asm
               arrpointer   0x0001c8       data     static /home/scott/MPLABXProjects/battleship.X/battleship.asm
                    byte1   0x000072       data     static /home/scott/MPLABXProjects/battleship.X/battleship.asm
                    byte2   0x000073       data     static /home/scott/MPLABXProjects/battleship.X/battleship.asm
                    byte3   0x000074       data     static /home/scott/MPLABXProjects/battleship.X/battleship.asm
                     cell   0x000077       data     static /home/scott/MPLABXProjects/battleship.X/battleship.asm
             clroffsetcnt   0x000080       data     static /home/scott/MPLABXProjects/battleship.X/battleship.asm
                compships   0x000100       data     static /home/scott/MPLABXProjects/battleship.X/battleship.asm
                    count   0x000065       data     static /home/scott/MPLABXProjects/battleship.X/battleship.asm
                   count1   0x000066       data     static /home/scott/MPLABXProjects/battleship.X/battleship.asm
                   count2   0x000067       data     static /home/scott/MPLABXProjects/battleship.X/battleship.asm
                   count5   0x000068       data     static /home/scott/MPLABXProjects/battleship.X/battleship.asm
                  cursorx   0x000075       data     static /home/scott/MPLABXProjects/battleship.X/battleship.asm
                  cursory   0x000076       data     static /home/scott/MPLABXProjects/battleship.X/battleship.asm
                direction   0x000071       data     static /home/scott/MPLABXProjects/battleship.X/battleship.asm
            dispplyrships   0x00007a       data     static /home/scott/MPLABXProjects/battleship.X/battleship.asm
           dispshipfrmcnt   0x00007b       data     static /home/scott/MPLABXProjects/battleship.X/battleship.asm
                dutycycle   0x000085       data     static /home/scott/MPLABXProjects/battleship.X/battleship.asm
               framecount   0x00006f       data     static /home/scott/MPLABXProjects/battleship.X/battleship.asm
                    index   0x00006a       data     static /home/scott/MPLABXProjects/battleship.X/battleship.asm
                  linemod   0x000069       data     static /home/scott/MPLABXProjects/battleship.X/battleship.asm
                  mbutton   0x000082       data     static /home/scott/MPLABXProjects/battleship.X/battleship.asm
                    mdata   0x00006b       data     static /home/scott/MPLABXProjects/battleship.X/battleship.asm
                   mdata1   0x00006c       data     static /home/scott/MPLABXProjects/battleship.X/battleship.asm
                    mdone   0x000078       data     static /home/scott/MPLABXProjects/battleship.X/battleship.asm
           messagepointer   0x000083       data     static /home/scott/MPLABXProjects/battleship.X/battleship.asm
              offsettable   0x000087       data     static /home/scott/MPLABXProjects/battleship.X/battleship.asm
                   parity   0x000064       data     static /home/scott/MPLABXProjects/battleship.X/battleship.asm
              playerships   0x000164       data     static /home/scott/MPLABXProjects/battleship.X/battleship.asm
             plyrmoveflag   0x000079       data     static /home/scott/MPLABXProjects/battleship.X/battleship.asm
                     rand   0x00007c       data     static /home/scott/MPLABXProjects/battleship.X/battleship.asm
                  randmod   0x00007d       data     static /home/scott/MPLABXProjects/battleship.X/battleship.asm
                 shipsize   0x000070       data     static /home/scott/MPLABXProjects/battleship.X/battleship.asm
                spitcount   0x00006e       data     static /home/scott/MPLABXProjects/battleship.X/battleship.asm
                    state   0x00006d       data     static /home/scott/MPLABXProjects/battleship.X/battleship.asm
                      tmp   0x000084       data     static /home/scott/MPLABXProjects/battleship.X/battleship.asm
              udoffsetcnt   0x000081       data     static /home/scott/MPLABXProjects/battleship.X/battleship.asm
                        x   0x00007e       data     static /home/scott/MPLABXProjects/battleship.X/battleship.asm
                     xdir   0x000060       data     static /home/scott/MPLABXProjects/battleship.X/battleship.asm
                     xpos   0x000061       data     static /home/scott/MPLABXProjects/battleship.X/battleship.asm
                        y   0x00007f       data     static /home/scott/MPLABXProjects/battleship.X/battleship.asm
                     ydir   0x000062       data     static /home/scott/MPLABXProjects/battleship.X/battleship.asm
                     ypos   0x000063       data     static /home/scott/MPLABXProjects/battleship.X/battleship.asm



                              Symbols - Sorted by Address
                     Name    Address   Location    Storage File                     
                ---------  ---------  ---------  --------- ---------                
                 HIGH_ISR   0x00000e    program     static /home/scott/MPLABXProjects/battleship.X/battleship.asm
                 getcount   0x000020    program     static /home/scott/MPLABXProjects/battleship.X/battleship.asm
                branchisr   0x00003a    program     static /home/scott/MPLABXProjects/battleship.X/battleship.asm
                 getimage   0x00004c    program     static /home/scott/MPLABXProjects/battleship.X/battleship.asm
                    START   0x0000a2    program     static /home/scott/MPLABXProjects/battleship.X/battleship.asm
                     init   0x0000e6    program     static /home/scott/MPLABXProjects/battleship.X/battleship.asm
                mouseloop   0x0001c8    program     static /home/scott/MPLABXProjects/battleship.X/battleship.asm
                horizline   0x0001e6    program     static /home/scott/MPLABXProjects/battleship.X/battleship.asm
                backporch   0x0001fe    program     static /home/scott/MPLABXProjects/battleship.X/battleship.asm
                 vertline   0x000208    program     static /home/scott/MPLABXProjects/battleship.X/battleship.asm
            backporchvert   0x000220    program     static /home/scott/MPLABXProjects/battleship.X/battleship.asm
                    delay   0x00022a    program     static /home/scott/MPLABXProjects/battleship.X/battleship.asm
               delaystart   0x00022e    program     static /home/scott/MPLABXProjects/battleship.X/battleship.asm
                  waitovf   0x000234    program     static /home/scott/MPLABXProjects/battleship.X/battleship.asm
              sendcommand   0x000250    program     static /home/scott/MPLABXProjects/battleship.X/battleship.asm
                   delay1   0x000262    program     static /home/scott/MPLABXProjects/battleship.X/battleship.asm
                 waitlow1   0x000284    program     static /home/scott/MPLABXProjects/battleship.X/battleship.asm
               waithigh10   0x000288    program     static /home/scott/MPLABXProjects/battleship.X/battleship.asm
                waitlow10   0x00028c    program     static /home/scott/MPLABXProjects/battleship.X/battleship.asm
                 senddata   0x000296    program     static /home/scott/MPLABXProjects/battleship.X/battleship.asm
            finishsetdata   0x0002a0    program     static /home/scott/MPLABXProjects/battleship.X/battleship.asm
                waithigh2   0x0002a4    program     static /home/scott/MPLABXProjects/battleship.X/battleship.asm
                 waitlow2   0x0002aa    program     static /home/scott/MPLABXProjects/battleship.X/battleship.asm
                waithigh3   0x0002b8    program     static /home/scott/MPLABXProjects/battleship.X/battleship.asm
                 waitlow3   0x0002bc    program     static /home/scott/MPLABXProjects/battleship.X/battleship.asm
                 waitlow4   0x0002c2    program     static /home/scott/MPLABXProjects/battleship.X/battleship.asm
            waitclocklow4   0x0002c6    program     static /home/scott/MPLABXProjects/battleship.X/battleship.asm
                waitboth1   0x0002ca    program     static /home/scott/MPLABXProjects/battleship.X/battleship.asm
                  setdata   0x0002d4    program     static /home/scott/MPLABXProjects/battleship.X/battleship.asm
                setmdata1   0x0002da    program     static /home/scott/MPLABXProjects/battleship.X/battleship.asm
                 readbyte   0x0002e0    program     static /home/scott/MPLABXProjects/battleship.X/battleship.asm
               rbwaitlow4   0x0002e2    program     static /home/scott/MPLABXProjects/battleship.X/battleship.asm
                 readloop   0x0002f4    program     static /home/scott/MPLABXProjects/battleship.X/battleship.asm
              rbwaithigh1   0x0002f6    program     static /home/scott/MPLABXProjects/battleship.X/battleship.asm
               rbwaitlow1   0x0002fa    program     static /home/scott/MPLABXProjects/battleship.X/battleship.asm
              rbwaithigh2   0x000312    program     static /home/scott/MPLABXProjects/battleship.X/battleship.asm
               rbwaitlow2   0x000316    program     static /home/scott/MPLABXProjects/battleship.X/battleship.asm
              rbwaithigh3   0x00031a    program     static /home/scott/MPLABXProjects/battleship.X/battleship.asm
               rbwaitlow3   0x000320    program     static /home/scott/MPLABXProjects/battleship.X/battleship.asm
              rbwaithigh5   0x000324    program     static /home/scott/MPLABXProjects/battleship.X/battleship.asm
              clearparity   0x00032a    program     static /home/scott/MPLABXProjects/battleship.X/battleship.asm
                      ISR   0x000330    program     static /home/scott/MPLABXProjects/battleship.X/battleship.asm
                drawimage   0x000348    program     static /home/scott/MPLABXProjects/battleship.X/battleship.asm
                 blanking   0x000358    program     static /home/scott/MPLABXProjects/battleship.X/battleship.asm
              gameprocess   0x000390    program     static /home/scott/MPLABXProjects/battleship.X/battleship.asm
             noupdateduty   0x0003be    program     static /home/scott/MPLABXProjects/battleship.X/battleship.asm
              noudoffset1   0x0003d4    program     static /home/scott/MPLABXProjects/battleship.X/battleship.asm
               noudoffset   0x0003e6    program     static /home/scott/MPLABXProjects/battleship.X/battleship.asm
                 nobutton   0x0003fc    program     static /home/scott/MPLABXProjects/battleship.X/battleship.asm
                    xleft   0x000412    program     static /home/scott/MPLABXProjects/battleship.X/battleship.asm
                    ynoup   0x000428    program     static /home/scott/MPLABXProjects/battleship.X/battleship.asm
        framecountnotzero   0x000434    program     static /home/scott/MPLABXProjects/battleship.X/battleship.asm
                   noincx   0x000460    program     static /home/scott/MPLABXProjects/battleship.X/battleship.asm
                   nodecx   0x00047e    program     static /home/scott/MPLABXProjects/battleship.X/battleship.asm
                   noincy   0x0004a2    program     static /home/scott/MPLABXProjects/battleship.X/battleship.asm
                   nodecy   0x0004c0    program     static /home/scott/MPLABXProjects/battleship.X/battleship.asm
              noprcsmouse   0x0004c8    program     static /home/scott/MPLABXProjects/battleship.X/battleship.asm
          mousehandledone   0x0004dc    program     static /home/scott/MPLABXProjects/battleship.X/battleship.asm
                      gap   0x0004de    program     static /home/scott/MPLABXProjects/battleship.X/battleship.asm
              drawmessage   0x0004e8    program     static /home/scott/MPLABXProjects/battleship.X/battleship.asm
                blanking1   0x0004f2    program     static /home/scott/MPLABXProjects/battleship.X/battleship.asm
              messageloop   0x000504    program     static /home/scott/MPLABXProjects/battleship.X/battleship.asm
                 syncspim   0x00051c    program     static /home/scott/MPLABXProjects/battleship.X/battleship.asm
            noclrmlinemod   0x00053c    program     static /home/scott/MPLABXProjects/battleship.X/battleship.asm
                    vsync   0x00053e    program     static /home/scott/MPLABXProjects/battleship.X/battleship.asm
                 nooffset   0x000584    program     static /home/scott/MPLABXProjects/battleship.X/battleship.asm
                 noincfrm   0x0005ae    program     static /home/scott/MPLABXProjects/battleship.X/battleship.asm
               horizequal   0x0005b0    program     static /home/scott/MPLABXProjects/battleship.X/battleship.asm
                  endline   0x0005b8    program     static /home/scott/MPLABXProjects/battleship.X/battleship.asm
              endlinecont   0x0005ce    program     static /home/scott/MPLABXProjects/battleship.X/battleship.asm
             endlinecont1   0x0005d8    program     static /home/scott/MPLABXProjects/battleship.X/battleship.asm
                 spitchar   0x0005da    program     static /home/scott/MPLABXProjects/battleship.X/battleship.asm
                  syncspi   0x0005f0    program     static /home/scott/MPLABXProjects/battleship.X/battleship.asm
          linemodnoteight   0x00062e    program     static /home/scott/MPLABXProjects/battleship.X/battleship.asm
                spnotzero   0x000636    program     static /home/scott/MPLABXProjects/battleship.X/battleship.asm
                    clear   0x000638    program     static /home/scott/MPLABXProjects/battleship.X/battleship.asm
                turnonled   0x000646    program     static /home/scott/MPLABXProjects/battleship.X/battleship.asm
               turnoffled   0x00064c    program     static /home/scott/MPLABXProjects/battleship.X/battleship.asm
                setcursor   0x000652    program     static /home/scott/MPLABXProjects/battleship.X/battleship.asm
              clearcursor   0x00067e    program     static /home/scott/MPLABXProjects/battleship.X/battleship.asm
                 initcomp   0x0006a4    program     static /home/scott/MPLABXProjects/battleship.X/battleship.asm
             initcomploop   0x0006aa    program     static /home/scott/MPLABXProjects/battleship.X/battleship.asm
                shipcstrt   0x0006ae    program     static /home/scott/MPLABXProjects/battleship.X/battleship.asm
                shipcont1   0x0006bc    program     static /home/scott/MPLABXProjects/battleship.X/battleship.asm
             comploopcnt1   0x00070a    program     static /home/scott/MPLABXProjects/battleship.X/battleship.asm
             comploopcnt2   0x000730    program     static /home/scott/MPLABXProjects/battleship.X/battleship.asm
                   complr   0x000742    program     static /home/scott/MPLABXProjects/battleship.X/battleship.asm
              complrloop1   0x000780    program     static /home/scott/MPLABXProjects/battleship.X/battleship.asm
              complrloop2   0x000798    program     static /home/scott/MPLABXProjects/battleship.X/battleship.asm
              endcomploop   0x0007a2    program     static /home/scott/MPLABXProjects/battleship.X/battleship.asm
               initplayer   0x0007aa    program     static /home/scott/MPLABXProjects/battleship.X/battleship.asm
           initplayerloop   0x0007b0    program     static /home/scott/MPLABXProjects/battleship.X/battleship.asm
                shippstrt   0x0007b4    program     static /home/scott/MPLABXProjects/battleship.X/battleship.asm
                 shipcont   0x0007c2    program     static /home/scott/MPLABXProjects/battleship.X/battleship.asm
             plyrloopcnt1   0x000810    program     static /home/scott/MPLABXProjects/battleship.X/battleship.asm
             plyrloopcnt2   0x00083a    program     static /home/scott/MPLABXProjects/battleship.X/battleship.asm
                   plyrlr   0x000854    program     static /home/scott/MPLABXProjects/battleship.X/battleship.asm
              plyrlrloop1   0x000892    program     static /home/scott/MPLABXProjects/battleship.X/battleship.asm
              plyrlrloop2   0x0008ae    program     static /home/scott/MPLABXProjects/battleship.X/battleship.asm
              endplyrloop   0x0008be    program     static /home/scott/MPLABXProjects/battleship.X/battleship.asm
                   random   0x0008c6    program     static /home/scott/MPLABXProjects/battleship.X/battleship.asm
                 randlsb0   0x0008d8    program     static /home/scott/MPLABXProjects/battleship.X/battleship.asm
                 moverand   0x0008dc    program     static /home/scott/MPLABXProjects/battleship.X/battleship.asm
                 modstart   0x0008e0    program     static /home/scott/MPLABXProjects/battleship.X/battleship.asm
                  moddone   0x0008ea    program     static /home/scott/MPLABXProjects/battleship.X/battleship.asm
               noextramod   0x0008f2    program     static /home/scott/MPLABXProjects/battleship.X/battleship.asm
                     seed   0x0008f4    program     static /home/scott/MPLABXProjects/battleship.X/battleship.asm
                  waitadc   0x0008f8    program     static /home/scott/MPLABXProjects/battleship.X/battleship.asm
                nosetrand   0x00090a    program     static /home/scott/MPLABXProjects/battleship.X/battleship.asm
              clearplayer   0x00090c    program     static /home/scott/MPLABXProjects/battleship.X/battleship.asm
              clrplyrloop   0x000916    program     static /home/scott/MPLABXProjects/battleship.X/battleship.asm
                clearcomp   0x000922    program     static /home/scott/MPLABXProjects/battleship.X/battleship.asm
              clrcomploop   0x00092c    program     static /home/scott/MPLABXProjects/battleship.X/battleship.asm
                  incfsrh   0x000938    program     static /home/scott/MPLABXProjects/battleship.X/battleship.asm
                      nto   0x00093e    program     static /home/scott/MPLABXProjects/battleship.X/battleship.asm
              getshipsize   0x000948    program     static /home/scott/MPLABXProjects/battleship.X/battleship.asm
                  gssnot5   0x000958    program     static /home/scott/MPLABXProjects/battleship.X/battleship.asm
                  gssnot4   0x000968    program     static /home/scott/MPLABXProjects/battleship.X/battleship.asm
                  gssnot3   0x000978    program     static /home/scott/MPLABXProjects/battleship.X/battleship.asm
                  gssnot2   0x000988    program     static /home/scott/MPLABXProjects/battleship.X/battleship.asm
                  setfsr1   0x000990    program     static /home/scott/MPLABXProjects/battleship.X/battleship.asm
                 incfsr1h   0x0009b4    program     static /home/scott/MPLABXProjects/battleship.X/battleship.asm
              incfsrhcont   0x0009ba    program     static /home/scott/MPLABXProjects/battleship.X/battleship.asm
             clearoffsets   0x0009bc    program     static /home/scott/MPLABXProjects/battleship.X/battleship.asm
            clroffsetloop   0x0009c6    program     static /home/scott/MPLABXProjects/battleship.X/battleship.asm
            updateoffsets   0x0009da    program     static /home/scott/MPLABXProjects/battleship.X/battleship.asm
             udoffsetloop   0x0009e0    program     static /home/scott/MPLABXProjects/battleship.X/battleship.asm
                    notry   0x0009f4    program     static /home/scott/MPLABXProjects/battleship.X/battleship.asm
              testmessage   0x002000    program     static /home/scott/MPLABXProjects/battleship.X/battleship.asm
                  loadpwm   0x0020a6    program     static /home/scott/MPLABXProjects/battleship.X/battleship.asm
                     xdir   0x000060       data     static /home/scott/MPLABXProjects/battleship.X/battleship.asm
                     xpos   0x000061       data     static /home/scott/MPLABXProjects/battleship.X/battleship.asm
                     ydir   0x000062       data     static /home/scott/MPLABXProjects/battleship.X/battleship.asm
                     ypos   0x000063       data     static /home/scott/MPLABXProjects/battleship.X/battleship.asm
                   parity   0x000064       data     static /home/scott/MPLABXProjects/battleship.X/battleship.asm
                    count   0x000065       data     static /home/scott/MPLABXProjects/battleship.X/battleship.asm
                   count1   0x000066       data     static /home/scott/MPLABXProjects/battleship.X/battleship.asm
                   count2   0x000067       data     static /home/scott/MPLABXProjects/battleship.X/battleship.asm
                   count5   0x000068       data     static /home/scott/MPLABXProjects/battleship.X/battleship.asm
                  linemod   0x000069       data     static /home/scott/MPLABXProjects/battleship.X/battleship.asm
                    index   0x00006a       data     static /home/scott/MPLABXProjects/battleship.X/battleship.asm
                    mdata   0x00006b       data     static /home/scott/MPLABXProjects/battleship.X/battleship.asm
                   mdata1   0x00006c       data     static /home/scott/MPLABXProjects/battleship.X/battleship.asm
                    state   0x00006d       data     static /home/scott/MPLABXProjects/battleship.X/battleship.asm
                spitcount   0x00006e       data     static /home/scott/MPLABXProjects/battleship.X/battleship.asm
               framecount   0x00006f       data     static /home/scott/MPLABXProjects/battleship.X/battleship.asm
                 shipsize   0x000070       data     static /home/scott/MPLABXProjects/battleship.X/battleship.asm
                direction   0x000071       data     static /home/scott/MPLABXProjects/battleship.X/battleship.asm
                    byte1   0x000072       data     static /home/scott/MPLABXProjects/battleship.X/battleship.asm
                    byte2   0x000073       data     static /home/scott/MPLABXProjects/battleship.X/battleship.asm
                    byte3   0x000074       data     static /home/scott/MPLABXProjects/battleship.X/battleship.asm
                  cursorx   0x000075       data     static /home/scott/MPLABXProjects/battleship.X/battleship.asm
                  cursory   0x000076       data     static /home/scott/MPLABXProjects/battleship.X/battleship.asm
                     cell   0x000077       data     static /home/scott/MPLABXProjects/battleship.X/battleship.asm
                    mdone   0x000078       data     static /home/scott/MPLABXProjects/battleship.X/battleship.asm
             plyrmoveflag   0x000079       data     static /home/scott/MPLABXProjects/battleship.X/battleship.asm
            dispplyrships   0x00007a       data     static /home/scott/MPLABXProjects/battleship.X/battleship.asm
           dispshipfrmcnt   0x00007b       data     static /home/scott/MPLABXProjects/battleship.X/battleship.asm
                     rand   0x00007c       data     static /home/scott/MPLABXProjects/battleship.X/battleship.asm
                  randmod   0x00007d       data     static /home/scott/MPLABXProjects/battleship.X/battleship.asm
                        x   0x00007e       data     static /home/scott/MPLABXProjects/battleship.X/battleship.asm
                        y   0x00007f       data     static /home/scott/MPLABXProjects/battleship.X/battleship.asm
             clroffsetcnt   0x000080       data     static /home/scott/MPLABXProjects/battleship.X/battleship.asm
              udoffsetcnt   0x000081       data     static /home/scott/MPLABXProjects/battleship.X/battleship.asm
                  mbutton   0x000082       data     static /home/scott/MPLABXProjects/battleship.X/battleship.asm
           messagepointer   0x000083       data     static /home/scott/MPLABXProjects/battleship.X/battleship.asm
                      tmp   0x000084       data     static /home/scott/MPLABXProjects/battleship.X/battleship.asm
                dutycycle   0x000085       data     static /home/scott/MPLABXProjects/battleship.X/battleship.asm
                amplitude   0x000086       data     static /home/scott/MPLABXProjects/battleship.X/battleship.asm
              offsettable   0x000087       data     static /home/scott/MPLABXProjects/battleship.X/battleship.asm
                compships   0x000100       data     static /home/scott/MPLABXProjects/battleship.X/battleship.asm
              playerships   0x000164       data     static /home/scott/MPLABXProjects/battleship.X/battleship.asm
               arrpointer   0x0001c8       data     static /home/scott/MPLABXProjects/battleship.X/battleship.asm


