MPLINK 5.08, LINKER
Linker Map File - Created Fri Aug 10 01:00:17 2018

                                 Section Info
                  Section       Type    Address   Location Size(Bytes)
                ---------  ---------  ---------  ---------  ---------
                 RES_VECT       code   0x000000    program   0x000004
                    ISRHV       code   0x000008    program   0x000004
                   .cinit    romdata   0x00000c    program   0x000002
                     ISRH       code   0x00000e    program   0x000006
                MAIN_PROG       code   0x000020    program   0x0009a6
                    .code       code   0x002000    program   0x0000b6
.config_300000_BUILD/DEFAULT/DEBUG/BATTLESHIP.O    romdata   0x300000    program   0x000001
.config_300001_BUILD/DEFAULT/DEBUG/BATTLESHIP.O    romdata   0x300001    program   0x000001
.config_300002_BUILD/DEFAULT/DEBUG/BATTLESHIP.O    romdata   0x300002    program   0x000001
.config_300003_BUILD/DEFAULT/DEBUG/BATTLESHIP.O    romdata   0x300003    program   0x000001
.config_300004_BUILD/DEFAULT/DEBUG/BATTLESHIP.O    romdata   0x300004    program   0x000001
.config_300005_BUILD/DEFAULT/DEBUG/BATTLESHIP.O    romdata   0x300005    program   0x000001
.config_300006_BUILD/DEFAULT/DEBUG/BATTLESHIP.O    romdata   0x300006    program   0x000001
.config_300007_BUILD/DEFAULT/DEBUG/BATTLESHIP.O    romdata   0x300007    program   0x000001
.config_300008_BUILD/DEFAULT/DEBUG/BATTLESHIP.O    romdata   0x300008    program   0x000001
.config_30000A_BUILD/DEFAULT/DEBUG/BATTLESHIP.O    romdata   0x30000a    program   0x000001
.config_30000B_BUILD/DEFAULT/DEBUG/BATTLESHIP.O    romdata   0x30000b    program   0x000001
                    bank1      udata   0x000060       data   0x000089
                    bank2      udata   0x000100       data   0x0000c9



                              Program Memory Usage 
                               Start         End      
                           ---------   ---------      
                            0x000000    0x000003      
                            0x000008    0x000013      
                            0x000020    0x0009c5      
                            0x002000    0x0020b5      
                            0x300000    0x300008      
                            0x30000a    0x30000b      
            2679 out of 16670 program addresses used, program memory utilization is 16%



                              Symbols - Sorted by Name
                     Name    Address   Location    Storage File                     
                ---------  ---------  ---------  --------- ---------                
                 HIGH_ISR   0x00000e    program     static /home/scott/MPLABXProjects/battleship.X/battleship.asm
                      ISR   0x00032a    program     static /home/scott/MPLABXProjects/battleship.X/battleship.asm
                    START   0x0000a2    program     static /home/scott/MPLABXProjects/battleship.X/battleship.asm
                backporch   0x0001f0    program     static /home/scott/MPLABXProjects/battleship.X/battleship.asm
            backporchvert   0x000216    program     static /home/scott/MPLABXProjects/battleship.X/battleship.asm
                 blanking   0x00034e    program     static /home/scott/MPLABXProjects/battleship.X/battleship.asm
                blanking1   0x0004c2    program     static /home/scott/MPLABXProjects/battleship.X/battleship.asm
                branchisr   0x00003a    program     static /home/scott/MPLABXProjects/battleship.X/battleship.asm
                    clear   0x0005fc    program     static /home/scott/MPLABXProjects/battleship.X/battleship.asm
                clearcomp   0x0008e6    program     static /home/scott/MPLABXProjects/battleship.X/battleship.asm
              clearcursor   0x000642    program     static /home/scott/MPLABXProjects/battleship.X/battleship.asm
             clearoffsets   0x000980    program     static /home/scott/MPLABXProjects/battleship.X/battleship.asm
              clearparity   0x000324    program     static /home/scott/MPLABXProjects/battleship.X/battleship.asm
              clearplayer   0x0008d0    program     static /home/scott/MPLABXProjects/battleship.X/battleship.asm
              clrcomploop   0x0008f0    program     static /home/scott/MPLABXProjects/battleship.X/battleship.asm
            clroffsetloop   0x00098a    program     static /home/scott/MPLABXProjects/battleship.X/battleship.asm
              clrplyrloop   0x0008da    program     static /home/scott/MPLABXProjects/battleship.X/battleship.asm
             comploopcnt1   0x0006ce    program     static /home/scott/MPLABXProjects/battleship.X/battleship.asm
             comploopcnt2   0x0006f4    program     static /home/scott/MPLABXProjects/battleship.X/battleship.asm
                   complr   0x000706    program     static /home/scott/MPLABXProjects/battleship.X/battleship.asm
              complrloop1   0x000744    program     static /home/scott/MPLABXProjects/battleship.X/battleship.asm
              complrloop2   0x00075c    program     static /home/scott/MPLABXProjects/battleship.X/battleship.asm
                    delay   0x000224    program     static /home/scott/MPLABXProjects/battleship.X/battleship.asm
                   delay1   0x00025c    program     static /home/scott/MPLABXProjects/battleship.X/battleship.asm
               delaystart   0x000228    program     static /home/scott/MPLABXProjects/battleship.X/battleship.asm
                drawimage   0x00033e    program     static /home/scott/MPLABXProjects/battleship.X/battleship.asm
              drawmessage   0x0004b8    program     static /home/scott/MPLABXProjects/battleship.X/battleship.asm
              endcomploop   0x000766    program     static /home/scott/MPLABXProjects/battleship.X/battleship.asm
                  endline   0x00057c    program     static /home/scott/MPLABXProjects/battleship.X/battleship.asm
              endlinecont   0x000592    program     static /home/scott/MPLABXProjects/battleship.X/battleship.asm
             endlinecont1   0x00059c    program     static /home/scott/MPLABXProjects/battleship.X/battleship.asm
              endplyrloop   0x000882    program     static /home/scott/MPLABXProjects/battleship.X/battleship.asm
            finishsetdata   0x00029a    program     static /home/scott/MPLABXProjects/battleship.X/battleship.asm
        framecountnotzero   0x000404    program     static /home/scott/MPLABXProjects/battleship.X/battleship.asm
              gameprocess   0x000386    program     static /home/scott/MPLABXProjects/battleship.X/battleship.asm
                      gap   0x0004ae    program     static /home/scott/MPLABXProjects/battleship.X/battleship.asm
                 getcount   0x000020    program     static /home/scott/MPLABXProjects/battleship.X/battleship.asm
                 getimage   0x00004c    program     static /home/scott/MPLABXProjects/battleship.X/battleship.asm
              getshipsize   0x00090c    program     static /home/scott/MPLABXProjects/battleship.X/battleship.asm
                  gssnot2   0x00094c    program     static /home/scott/MPLABXProjects/battleship.X/battleship.asm
                  gssnot3   0x00093c    program     static /home/scott/MPLABXProjects/battleship.X/battleship.asm
                  gssnot4   0x00092c    program     static /home/scott/MPLABXProjects/battleship.X/battleship.asm
                  gssnot5   0x00091c    program     static /home/scott/MPLABXProjects/battleship.X/battleship.asm
               horizequal   0x000574    program     static /home/scott/MPLABXProjects/battleship.X/battleship.asm
                horizline   0x0001d8    program     static /home/scott/MPLABXProjects/battleship.X/battleship.asm
                 incfsr1h   0x000978    program     static /home/scott/MPLABXProjects/battleship.X/battleship.asm
                  incfsrh   0x0008fc    program     static /home/scott/MPLABXProjects/battleship.X/battleship.asm
              incfsrhcont   0x00097e    program     static /home/scott/MPLABXProjects/battleship.X/battleship.asm
                     init   0x0000dc    program     static /home/scott/MPLABXProjects/battleship.X/battleship.asm
                 initcomp   0x000668    program     static /home/scott/MPLABXProjects/battleship.X/battleship.asm
             initcomploop   0x00066e    program     static /home/scott/MPLABXProjects/battleship.X/battleship.asm
               initplayer   0x00076e    program     static /home/scott/MPLABXProjects/battleship.X/battleship.asm
           initplayerloop   0x000774    program     static /home/scott/MPLABXProjects/battleship.X/battleship.asm
          linemodnoteight   0x0005f2    program     static /home/scott/MPLABXProjects/battleship.X/battleship.asm
                  loadpwm   0x0020a6    program     static /home/scott/MPLABXProjects/battleship.X/battleship.asm
              messageloop   0x0004d4    program     static /home/scott/MPLABXProjects/battleship.X/battleship.asm
                  moddone   0x0008ae    program     static /home/scott/MPLABXProjects/battleship.X/battleship.asm
                 modstart   0x0008a4    program     static /home/scott/MPLABXProjects/battleship.X/battleship.asm
          mousehandledone   0x0004ac    program     static /home/scott/MPLABXProjects/battleship.X/battleship.asm
                mouseloop   0x0001ba    program     static /home/scott/MPLABXProjects/battleship.X/battleship.asm
                 moverand   0x0008a0    program     static /home/scott/MPLABXProjects/battleship.X/battleship.asm
                 nobutton   0x0003cc    program     static /home/scott/MPLABXProjects/battleship.X/battleship.asm
            noclrmlinemod   0x00050c    program     static /home/scott/MPLABXProjects/battleship.X/battleship.asm
                   nodecx   0x00044e    program     static /home/scott/MPLABXProjects/battleship.X/battleship.asm
                   nodecy   0x000490    program     static /home/scott/MPLABXProjects/battleship.X/battleship.asm
               noextramod   0x0008b6    program     static /home/scott/MPLABXProjects/battleship.X/battleship.asm
                 noincfrm   0x000572    program     static /home/scott/MPLABXProjects/battleship.X/battleship.asm
                   noincx   0x000430    program     static /home/scott/MPLABXProjects/battleship.X/battleship.asm
                   noincy   0x000472    program     static /home/scott/MPLABXProjects/battleship.X/battleship.asm
                 nooffset   0x000548    program     static /home/scott/MPLABXProjects/battleship.X/battleship.asm
              noprcsmouse   0x000498    program     static /home/scott/MPLABXProjects/battleship.X/battleship.asm
                nosetrand   0x0008ce    program     static /home/scott/MPLABXProjects/battleship.X/battleship.asm
                    notry   0x0009b8    program     static /home/scott/MPLABXProjects/battleship.X/battleship.asm
               noudoffset   0x0003b6    program     static /home/scott/MPLABXProjects/battleship.X/battleship.asm
              noudoffset1   0x0003a4    program     static /home/scott/MPLABXProjects/battleship.X/battleship.asm
                      nto   0x000902    program     static /home/scott/MPLABXProjects/battleship.X/battleship.asm
             plyrloopcnt1   0x0007d4    program     static /home/scott/MPLABXProjects/battleship.X/battleship.asm
             plyrloopcnt2   0x0007fe    program     static /home/scott/MPLABXProjects/battleship.X/battleship.asm
                   plyrlr   0x000818    program     static /home/scott/MPLABXProjects/battleship.X/battleship.asm
              plyrlrloop1   0x000856    program     static /home/scott/MPLABXProjects/battleship.X/battleship.asm
              plyrlrloop2   0x000872    program     static /home/scott/MPLABXProjects/battleship.X/battleship.asm
                 randlsb0   0x00089c    program     static /home/scott/MPLABXProjects/battleship.X/battleship.asm
                   random   0x00088a    program     static /home/scott/MPLABXProjects/battleship.X/battleship.asm
              rbwaithigh1   0x0002f0    program     static /home/scott/MPLABXProjects/battleship.X/battleship.asm
              rbwaithigh2   0x00030c    program     static /home/scott/MPLABXProjects/battleship.X/battleship.asm
              rbwaithigh3   0x000314    program     static /home/scott/MPLABXProjects/battleship.X/battleship.asm
              rbwaithigh5   0x00031e    program     static /home/scott/MPLABXProjects/battleship.X/battleship.asm
               rbwaitlow1   0x0002f4    program     static /home/scott/MPLABXProjects/battleship.X/battleship.asm
               rbwaitlow2   0x000310    program     static /home/scott/MPLABXProjects/battleship.X/battleship.asm
               rbwaitlow3   0x00031a    program     static /home/scott/MPLABXProjects/battleship.X/battleship.asm
               rbwaitlow4   0x0002dc    program     static /home/scott/MPLABXProjects/battleship.X/battleship.asm
                 readbyte   0x0002da    program     static /home/scott/MPLABXProjects/battleship.X/battleship.asm
                 readloop   0x0002ee    program     static /home/scott/MPLABXProjects/battleship.X/battleship.asm
                     seed   0x0008b8    program     static /home/scott/MPLABXProjects/battleship.X/battleship.asm
              sendcommand   0x00024a    program     static /home/scott/MPLABXProjects/battleship.X/battleship.asm
                 senddata   0x000290    program     static /home/scott/MPLABXProjects/battleship.X/battleship.asm
                setcursor   0x000616    program     static /home/scott/MPLABXProjects/battleship.X/battleship.asm
                  setdata   0x0002ce    program     static /home/scott/MPLABXProjects/battleship.X/battleship.asm
                  setfsr1   0x000954    program     static /home/scott/MPLABXProjects/battleship.X/battleship.asm
                setmdata1   0x0002d4    program     static /home/scott/MPLABXProjects/battleship.X/battleship.asm
                 shipcont   0x000786    program     static /home/scott/MPLABXProjects/battleship.X/battleship.asm
                shipcont1   0x000680    program     static /home/scott/MPLABXProjects/battleship.X/battleship.asm
                shipcstrt   0x000672    program     static /home/scott/MPLABXProjects/battleship.X/battleship.asm
                shippstrt   0x000778    program     static /home/scott/MPLABXProjects/battleship.X/battleship.asm
                 spitchar   0x00059e    program     static /home/scott/MPLABXProjects/battleship.X/battleship.asm
                spnotzero   0x0005fa    program     static /home/scott/MPLABXProjects/battleship.X/battleship.asm
                  syncspi   0x0005b4    program     static /home/scott/MPLABXProjects/battleship.X/battleship.asm
                 syncspim   0x0004ec    program     static /home/scott/MPLABXProjects/battleship.X/battleship.asm
              testmessage   0x002000    program     static /home/scott/MPLABXProjects/battleship.X/battleship.asm
               turnoffled   0x000610    program     static /home/scott/MPLABXProjects/battleship.X/battleship.asm
                turnonled   0x00060a    program     static /home/scott/MPLABXProjects/battleship.X/battleship.asm
             udoffsetloop   0x0009a4    program     static /home/scott/MPLABXProjects/battleship.X/battleship.asm
            updateoffsets   0x00099e    program     static /home/scott/MPLABXProjects/battleship.X/battleship.asm
                 vertline   0x0001fe    program     static /home/scott/MPLABXProjects/battleship.X/battleship.asm
                    vsync   0x00050e    program     static /home/scott/MPLABXProjects/battleship.X/battleship.asm
                  waitadc   0x0008bc    program     static /home/scott/MPLABXProjects/battleship.X/battleship.asm
                waitboth1   0x0002c4    program     static /home/scott/MPLABXProjects/battleship.X/battleship.asm
            waitclocklow4   0x0002c0    program     static /home/scott/MPLABXProjects/battleship.X/battleship.asm
               waithigh10   0x000282    program     static /home/scott/MPLABXProjects/battleship.X/battleship.asm
                waithigh2   0x00029e    program     static /home/scott/MPLABXProjects/battleship.X/battleship.asm
                waithigh3   0x0002b2    program     static /home/scott/MPLABXProjects/battleship.X/battleship.asm
                 waitlow1   0x00027e    program     static /home/scott/MPLABXProjects/battleship.X/battleship.asm
                waitlow10   0x000286    program     static /home/scott/MPLABXProjects/battleship.X/battleship.asm
                 waitlow2   0x0002a4    program     static /home/scott/MPLABXProjects/battleship.X/battleship.asm
                 waitlow3   0x0002b6    program     static /home/scott/MPLABXProjects/battleship.X/battleship.asm
                 waitlow4   0x0002bc    program     static /home/scott/MPLABXProjects/battleship.X/battleship.asm
                  waitovf   0x00022e    program     static /home/scott/MPLABXProjects/battleship.X/battleship.asm
                    xleft   0x0003e2    program     static /home/scott/MPLABXProjects/battleship.X/battleship.asm
                    ynoup   0x0003f8    program     static /home/scott/MPLABXProjects/battleship.X/battleship.asm
               arrpointer   0x0001c8       data     static /home/scott/MPLABXProjects/battleship.X/battleship.asm
                    byte1   0x000072       data     static /home/scott/MPLABXProjects/battleship.X/battleship.asm
                    byte2   0x000073       data     static /home/scott/MPLABXProjects/battleship.X/battleship.asm
                    byte3   0x000074       data     static /home/scott/MPLABXProjects/battleship.X/battleship.asm
                     cell   0x000077       data     static /home/scott/MPLABXProjects/battleship.X/battleship.asm
             clroffsetcnt   0x000080       data     static /home/scott/MPLABXProjects/battleship.X/battleship.asm
                compships   0x000100       data     static /home/scott/MPLABXProjects/battleship.X/battleship.asm
                    count   0x000065       data     static /home/scott/MPLABXProjects/battleship.X/battleship.asm
                   count1   0x000066       data     static /home/scott/MPLABXProjects/battleship.X/battleship.asm
                   count2   0x000067       data     static /home/scott/MPLABXProjects/battleship.X/battleship.asm
                   count5   0x000068       data     static /home/scott/MPLABXProjects/battleship.X/battleship.asm
                  cursorx   0x000075       data     static /home/scott/MPLABXProjects/battleship.X/battleship.asm
                  cursory   0x000076       data     static /home/scott/MPLABXProjects/battleship.X/battleship.asm
                direction   0x000071       data     static /home/scott/MPLABXProjects/battleship.X/battleship.asm
            dispplyrships   0x00007a       data     static /home/scott/MPLABXProjects/battleship.X/battleship.asm
           dispshipfrmcnt   0x00007b       data     static /home/scott/MPLABXProjects/battleship.X/battleship.asm
               framecount   0x00006f       data     static /home/scott/MPLABXProjects/battleship.X/battleship.asm
                    index   0x00006a       data     static /home/scott/MPLABXProjects/battleship.X/battleship.asm
                  linemod   0x000069       data     static /home/scott/MPLABXProjects/battleship.X/battleship.asm
                  mbutton   0x000082       data     static /home/scott/MPLABXProjects/battleship.X/battleship.asm
                    mdata   0x00006b       data     static /home/scott/MPLABXProjects/battleship.X/battleship.asm
                   mdata1   0x00006c       data     static /home/scott/MPLABXProjects/battleship.X/battleship.asm
                    mdone   0x000078       data     static /home/scott/MPLABXProjects/battleship.X/battleship.asm
           messagepointer   0x000083       data     static /home/scott/MPLABXProjects/battleship.X/battleship.asm
              offsettable   0x000085       data     static /home/scott/MPLABXProjects/battleship.X/battleship.asm
                   parity   0x000064       data     static /home/scott/MPLABXProjects/battleship.X/battleship.asm
              playerships   0x000164       data     static /home/scott/MPLABXProjects/battleship.X/battleship.asm
             plyrmoveflag   0x000079       data     static /home/scott/MPLABXProjects/battleship.X/battleship.asm
                     rand   0x00007c       data     static /home/scott/MPLABXProjects/battleship.X/battleship.asm
                  randmod   0x00007d       data     static /home/scott/MPLABXProjects/battleship.X/battleship.asm
                 shipsize   0x000070       data     static /home/scott/MPLABXProjects/battleship.X/battleship.asm
                spitcount   0x00006e       data     static /home/scott/MPLABXProjects/battleship.X/battleship.asm
                    state   0x00006d       data     static /home/scott/MPLABXProjects/battleship.X/battleship.asm
                      tmp   0x000084       data     static /home/scott/MPLABXProjects/battleship.X/battleship.asm
              udoffsetcnt   0x000081       data     static /home/scott/MPLABXProjects/battleship.X/battleship.asm
                        x   0x00007e       data     static /home/scott/MPLABXProjects/battleship.X/battleship.asm
                     xdir   0x000060       data     static /home/scott/MPLABXProjects/battleship.X/battleship.asm
                     xpos   0x000061       data     static /home/scott/MPLABXProjects/battleship.X/battleship.asm
                        y   0x00007f       data     static /home/scott/MPLABXProjects/battleship.X/battleship.asm
                     ydir   0x000062       data     static /home/scott/MPLABXProjects/battleship.X/battleship.asm
                     ypos   0x000063       data     static /home/scott/MPLABXProjects/battleship.X/battleship.asm



                              Symbols - Sorted by Address
                     Name    Address   Location    Storage File                     
                ---------  ---------  ---------  --------- ---------                
                 HIGH_ISR   0x00000e    program     static /home/scott/MPLABXProjects/battleship.X/battleship.asm
                 getcount   0x000020    program     static /home/scott/MPLABXProjects/battleship.X/battleship.asm
                branchisr   0x00003a    program     static /home/scott/MPLABXProjects/battleship.X/battleship.asm
                 getimage   0x00004c    program     static /home/scott/MPLABXProjects/battleship.X/battleship.asm
                    START   0x0000a2    program     static /home/scott/MPLABXProjects/battleship.X/battleship.asm
                     init   0x0000dc    program     static /home/scott/MPLABXProjects/battleship.X/battleship.asm
                mouseloop   0x0001ba    program     static /home/scott/MPLABXProjects/battleship.X/battleship.asm
                horizline   0x0001d8    program     static /home/scott/MPLABXProjects/battleship.X/battleship.asm
                backporch   0x0001f0    program     static /home/scott/MPLABXProjects/battleship.X/battleship.asm
                 vertline   0x0001fe    program     static /home/scott/MPLABXProjects/battleship.X/battleship.asm
            backporchvert   0x000216    program     static /home/scott/MPLABXProjects/battleship.X/battleship.asm
                    delay   0x000224    program     static /home/scott/MPLABXProjects/battleship.X/battleship.asm
               delaystart   0x000228    program     static /home/scott/MPLABXProjects/battleship.X/battleship.asm
                  waitovf   0x00022e    program     static /home/scott/MPLABXProjects/battleship.X/battleship.asm
              sendcommand   0x00024a    program     static /home/scott/MPLABXProjects/battleship.X/battleship.asm
                   delay1   0x00025c    program     static /home/scott/MPLABXProjects/battleship.X/battleship.asm
                 waitlow1   0x00027e    program     static /home/scott/MPLABXProjects/battleship.X/battleship.asm
               waithigh10   0x000282    program     static /home/scott/MPLABXProjects/battleship.X/battleship.asm
                waitlow10   0x000286    program     static /home/scott/MPLABXProjects/battleship.X/battleship.asm
                 senddata   0x000290    program     static /home/scott/MPLABXProjects/battleship.X/battleship.asm
            finishsetdata   0x00029a    program     static /home/scott/MPLABXProjects/battleship.X/battleship.asm
                waithigh2   0x00029e    program     static /home/scott/MPLABXProjects/battleship.X/battleship.asm
                 waitlow2   0x0002a4    program     static /home/scott/MPLABXProjects/battleship.X/battleship.asm
                waithigh3   0x0002b2    program     static /home/scott/MPLABXProjects/battleship.X/battleship.asm
                 waitlow3   0x0002b6    program     static /home/scott/MPLABXProjects/battleship.X/battleship.asm
                 waitlow4   0x0002bc    program     static /home/scott/MPLABXProjects/battleship.X/battleship.asm
            waitclocklow4   0x0002c0    program     static /home/scott/MPLABXProjects/battleship.X/battleship.asm
                waitboth1   0x0002c4    program     static /home/scott/MPLABXProjects/battleship.X/battleship.asm
                  setdata   0x0002ce    program     static /home/scott/MPLABXProjects/battleship.X/battleship.asm
                setmdata1   0x0002d4    program     static /home/scott/MPLABXProjects/battleship.X/battleship.asm
                 readbyte   0x0002da    program     static /home/scott/MPLABXProjects/battleship.X/battleship.asm
               rbwaitlow4   0x0002dc    program     static /home/scott/MPLABXProjects/battleship.X/battleship.asm
                 readloop   0x0002ee    program     static /home/scott/MPLABXProjects/battleship.X/battleship.asm
              rbwaithigh1   0x0002f0    program     static /home/scott/MPLABXProjects/battleship.X/battleship.asm
               rbwaitlow1   0x0002f4    program     static /home/scott/MPLABXProjects/battleship.X/battleship.asm
              rbwaithigh2   0x00030c    program     static /home/scott/MPLABXProjects/battleship.X/battleship.asm
               rbwaitlow2   0x000310    program     static /home/scott/MPLABXProjects/battleship.X/battleship.asm
              rbwaithigh3   0x000314    program     static /home/scott/MPLABXProjects/battleship.X/battleship.asm
               rbwaitlow3   0x00031a    program     static /home/scott/MPLABXProjects/battleship.X/battleship.asm
              rbwaithigh5   0x00031e    program     static /home/scott/MPLABXProjects/battleship.X/battleship.asm
              clearparity   0x000324    program     static /home/scott/MPLABXProjects/battleship.X/battleship.asm
                      ISR   0x00032a    program     static /home/scott/MPLABXProjects/battleship.X/battleship.asm
                drawimage   0x00033e    program     static /home/scott/MPLABXProjects/battleship.X/battleship.asm
                 blanking   0x00034e    program     static /home/scott/MPLABXProjects/battleship.X/battleship.asm
              gameprocess   0x000386    program     static /home/scott/MPLABXProjects/battleship.X/battleship.asm
              noudoffset1   0x0003a4    program     static /home/scott/MPLABXProjects/battleship.X/battleship.asm
               noudoffset   0x0003b6    program     static /home/scott/MPLABXProjects/battleship.X/battleship.asm
                 nobutton   0x0003cc    program     static /home/scott/MPLABXProjects/battleship.X/battleship.asm
                    xleft   0x0003e2    program     static /home/scott/MPLABXProjects/battleship.X/battleship.asm
                    ynoup   0x0003f8    program     static /home/scott/MPLABXProjects/battleship.X/battleship.asm
        framecountnotzero   0x000404    program     static /home/scott/MPLABXProjects/battleship.X/battleship.asm
                   noincx   0x000430    program     static /home/scott/MPLABXProjects/battleship.X/battleship.asm
                   nodecx   0x00044e    program     static /home/scott/MPLABXProjects/battleship.X/battleship.asm
                   noincy   0x000472    program     static /home/scott/MPLABXProjects/battleship.X/battleship.asm
                   nodecy   0x000490    program     static /home/scott/MPLABXProjects/battleship.X/battleship.asm
              noprcsmouse   0x000498    program     static /home/scott/MPLABXProjects/battleship.X/battleship.asm
          mousehandledone   0x0004ac    program     static /home/scott/MPLABXProjects/battleship.X/battleship.asm
                      gap   0x0004ae    program     static /home/scott/MPLABXProjects/battleship.X/battleship.asm
              drawmessage   0x0004b8    program     static /home/scott/MPLABXProjects/battleship.X/battleship.asm
                blanking1   0x0004c2    program     static /home/scott/MPLABXProjects/battleship.X/battleship.asm
              messageloop   0x0004d4    program     static /home/scott/MPLABXProjects/battleship.X/battleship.asm
                 syncspim   0x0004ec    program     static /home/scott/MPLABXProjects/battleship.X/battleship.asm
            noclrmlinemod   0x00050c    program     static /home/scott/MPLABXProjects/battleship.X/battleship.asm
                    vsync   0x00050e    program     static /home/scott/MPLABXProjects/battleship.X/battleship.asm
                 nooffset   0x000548    program     static /home/scott/MPLABXProjects/battleship.X/battleship.asm
                 noincfrm   0x000572    program     static /home/scott/MPLABXProjects/battleship.X/battleship.asm
               horizequal   0x000574    program     static /home/scott/MPLABXProjects/battleship.X/battleship.asm
                  endline   0x00057c    program     static /home/scott/MPLABXProjects/battleship.X/battleship.asm
              endlinecont   0x000592    program     static /home/scott/MPLABXProjects/battleship.X/battleship.asm
             endlinecont1   0x00059c    program     static /home/scott/MPLABXProjects/battleship.X/battleship.asm
                 spitchar   0x00059e    program     static /home/scott/MPLABXProjects/battleship.X/battleship.asm
                  syncspi   0x0005b4    program     static /home/scott/MPLABXProjects/battleship.X/battleship.asm
          linemodnoteight   0x0005f2    program     static /home/scott/MPLABXProjects/battleship.X/battleship.asm
                spnotzero   0x0005fa    program     static /home/scott/MPLABXProjects/battleship.X/battleship.asm
                    clear   0x0005fc    program     static /home/scott/MPLABXProjects/battleship.X/battleship.asm
                turnonled   0x00060a    program     static /home/scott/MPLABXProjects/battleship.X/battleship.asm
               turnoffled   0x000610    program     static /home/scott/MPLABXProjects/battleship.X/battleship.asm
                setcursor   0x000616    program     static /home/scott/MPLABXProjects/battleship.X/battleship.asm
              clearcursor   0x000642    program     static /home/scott/MPLABXProjects/battleship.X/battleship.asm
                 initcomp   0x000668    program     static /home/scott/MPLABXProjects/battleship.X/battleship.asm
             initcomploop   0x00066e    program     static /home/scott/MPLABXProjects/battleship.X/battleship.asm
                shipcstrt   0x000672    program     static /home/scott/MPLABXProjects/battleship.X/battleship.asm
                shipcont1   0x000680    program     static /home/scott/MPLABXProjects/battleship.X/battleship.asm
             comploopcnt1   0x0006ce    program     static /home/scott/MPLABXProjects/battleship.X/battleship.asm
             comploopcnt2   0x0006f4    program     static /home/scott/MPLABXProjects/battleship.X/battleship.asm
                   complr   0x000706    program     static /home/scott/MPLABXProjects/battleship.X/battleship.asm
              complrloop1   0x000744    program     static /home/scott/MPLABXProjects/battleship.X/battleship.asm
              complrloop2   0x00075c    program     static /home/scott/MPLABXProjects/battleship.X/battleship.asm
              endcomploop   0x000766    program     static /home/scott/MPLABXProjects/battleship.X/battleship.asm
               initplayer   0x00076e    program     static /home/scott/MPLABXProjects/battleship.X/battleship.asm
           initplayerloop   0x000774    program     static /home/scott/MPLABXProjects/battleship.X/battleship.asm
                shippstrt   0x000778    program     static /home/scott/MPLABXProjects/battleship.X/battleship.asm
                 shipcont   0x000786    program     static /home/scott/MPLABXProjects/battleship.X/battleship.asm
             plyrloopcnt1   0x0007d4    program     static /home/scott/MPLABXProjects/battleship.X/battleship.asm
             plyrloopcnt2   0x0007fe    program     static /home/scott/MPLABXProjects/battleship.X/battleship.asm
                   plyrlr   0x000818    program     static /home/scott/MPLABXProjects/battleship.X/battleship.asm
              plyrlrloop1   0x000856    program     static /home/scott/MPLABXProjects/battleship.X/battleship.asm
              plyrlrloop2   0x000872    program     static /home/scott/MPLABXProjects/battleship.X/battleship.asm
              endplyrloop   0x000882    program     static /home/scott/MPLABXProjects/battleship.X/battleship.asm
                   random   0x00088a    program     static /home/scott/MPLABXProjects/battleship.X/battleship.asm
                 randlsb0   0x00089c    program     static /home/scott/MPLABXProjects/battleship.X/battleship.asm
                 moverand   0x0008a0    program     static /home/scott/MPLABXProjects/battleship.X/battleship.asm
                 modstart   0x0008a4    program     static /home/scott/MPLABXProjects/battleship.X/battleship.asm
                  moddone   0x0008ae    program     static /home/scott/MPLABXProjects/battleship.X/battleship.asm
               noextramod   0x0008b6    program     static /home/scott/MPLABXProjects/battleship.X/battleship.asm
                     seed   0x0008b8    program     static /home/scott/MPLABXProjects/battleship.X/battleship.asm
                  waitadc   0x0008bc    program     static /home/scott/MPLABXProjects/battleship.X/battleship.asm
                nosetrand   0x0008ce    program     static /home/scott/MPLABXProjects/battleship.X/battleship.asm
              clearplayer   0x0008d0    program     static /home/scott/MPLABXProjects/battleship.X/battleship.asm
              clrplyrloop   0x0008da    program     static /home/scott/MPLABXProjects/battleship.X/battleship.asm
                clearcomp   0x0008e6    program     static /home/scott/MPLABXProjects/battleship.X/battleship.asm
              clrcomploop   0x0008f0    program     static /home/scott/MPLABXProjects/battleship.X/battleship.asm
                  incfsrh   0x0008fc    program     static /home/scott/MPLABXProjects/battleship.X/battleship.asm
                      nto   0x000902    program     static /home/scott/MPLABXProjects/battleship.X/battleship.asm
              getshipsize   0x00090c    program     static /home/scott/MPLABXProjects/battleship.X/battleship.asm
                  gssnot5   0x00091c    program     static /home/scott/MPLABXProjects/battleship.X/battleship.asm
                  gssnot4   0x00092c    program     static /home/scott/MPLABXProjects/battleship.X/battleship.asm
                  gssnot3   0x00093c    program     static /home/scott/MPLABXProjects/battleship.X/battleship.asm
                  gssnot2   0x00094c    program     static /home/scott/MPLABXProjects/battleship.X/battleship.asm
                  setfsr1   0x000954    program     static /home/scott/MPLABXProjects/battleship.X/battleship.asm
                 incfsr1h   0x000978    program     static /home/scott/MPLABXProjects/battleship.X/battleship.asm
              incfsrhcont   0x00097e    program     static /home/scott/MPLABXProjects/battleship.X/battleship.asm
             clearoffsets   0x000980    program     static /home/scott/MPLABXProjects/battleship.X/battleship.asm
            clroffsetloop   0x00098a    program     static /home/scott/MPLABXProjects/battleship.X/battleship.asm
            updateoffsets   0x00099e    program     static /home/scott/MPLABXProjects/battleship.X/battleship.asm
             udoffsetloop   0x0009a4    program     static /home/scott/MPLABXProjects/battleship.X/battleship.asm
                    notry   0x0009b8    program     static /home/scott/MPLABXProjects/battleship.X/battleship.asm
              testmessage   0x002000    program     static /home/scott/MPLABXProjects/battleship.X/battleship.asm
                  loadpwm   0x0020a6    program     static /home/scott/MPLABXProjects/battleship.X/battleship.asm
                     xdir   0x000060       data     static /home/scott/MPLABXProjects/battleship.X/battleship.asm
                     xpos   0x000061       data     static /home/scott/MPLABXProjects/battleship.X/battleship.asm
                     ydir   0x000062       data     static /home/scott/MPLABXProjects/battleship.X/battleship.asm
                     ypos   0x000063       data     static /home/scott/MPLABXProjects/battleship.X/battleship.asm
                   parity   0x000064       data     static /home/scott/MPLABXProjects/battleship.X/battleship.asm
                    count   0x000065       data     static /home/scott/MPLABXProjects/battleship.X/battleship.asm
                   count1   0x000066       data     static /home/scott/MPLABXProjects/battleship.X/battleship.asm
                   count2   0x000067       data     static /home/scott/MPLABXProjects/battleship.X/battleship.asm
                   count5   0x000068       data     static /home/scott/MPLABXProjects/battleship.X/battleship.asm
                  linemod   0x000069       data     static /home/scott/MPLABXProjects/battleship.X/battleship.asm
                    index   0x00006a       data     static /home/scott/MPLABXProjects/battleship.X/battleship.asm
                    mdata   0x00006b       data     static /home/scott/MPLABXProjects/battleship.X/battleship.asm
                   mdata1   0x00006c       data     static /home/scott/MPLABXProjects/battleship.X/battleship.asm
                    state   0x00006d       data     static /home/scott/MPLABXProjects/battleship.X/battleship.asm
                spitcount   0x00006e       data     static /home/scott/MPLABXProjects/battleship.X/battleship.asm
               framecount   0x00006f       data     static /home/scott/MPLABXProjects/battleship.X/battleship.asm
                 shipsize   0x000070       data     static /home/scott/MPLABXProjects/battleship.X/battleship.asm
                direction   0x000071       data     static /home/scott/MPLABXProjects/battleship.X/battleship.asm
                    byte1   0x000072       data     static /home/scott/MPLABXProjects/battleship.X/battleship.asm
                    byte2   0x000073       data     static /home/scott/MPLABXProjects/battleship.X/battleship.asm
                    byte3   0x000074       data     static /home/scott/MPLABXProjects/battleship.X/battleship.asm
                  cursorx   0x000075       data     static /home/scott/MPLABXProjects/battleship.X/battleship.asm
                  cursory   0x000076       data     static /home/scott/MPLABXProjects/battleship.X/battleship.asm
                     cell   0x000077       data     static /home/scott/MPLABXProjects/battleship.X/battleship.asm
                    mdone   0x000078       data     static /home/scott/MPLABXProjects/battleship.X/battleship.asm
             plyrmoveflag   0x000079       data     static /home/scott/MPLABXProjects/battleship.X/battleship.asm
            dispplyrships   0x00007a       data     static /home/scott/MPLABXProjects/battleship.X/battleship.asm
           dispshipfrmcnt   0x00007b       data     static /home/scott/MPLABXProjects/battleship.X/battleship.asm
                     rand   0x00007c       data     static /home/scott/MPLABXProjects/battleship.X/battleship.asm
                  randmod   0x00007d       data     static /home/scott/MPLABXProjects/battleship.X/battleship.asm
                        x   0x00007e       data     static /home/scott/MPLABXProjects/battleship.X/battleship.asm
                        y   0x00007f       data     static /home/scott/MPLABXProjects/battleship.X/battleship.asm
             clroffsetcnt   0x000080       data     static /home/scott/MPLABXProjects/battleship.X/battleship.asm
              udoffsetcnt   0x000081       data     static /home/scott/MPLABXProjects/battleship.X/battleship.asm
                  mbutton   0x000082       data     static /home/scott/MPLABXProjects/battleship.X/battleship.asm
           messagepointer   0x000083       data     static /home/scott/MPLABXProjects/battleship.X/battleship.asm
                      tmp   0x000084       data     static /home/scott/MPLABXProjects/battleship.X/battleship.asm
              offsettable   0x000085       data     static /home/scott/MPLABXProjects/battleship.X/battleship.asm
                compships   0x000100       data     static /home/scott/MPLABXProjects/battleship.X/battleship.asm
              playerships   0x000164       data     static /home/scott/MPLABXProjects/battleship.X/battleship.asm
               arrpointer   0x0001c8       data     static /home/scott/MPLABXProjects/battleship.X/battleship.asm


